eps = 0.0010000000 => x = 0.8457031250
eps = 0.0001000000 => x = 0.8458251953
eps = 0.0000100000 => x = 0.8459320068
eps = 0.0000010000 => x = 0.8459453583
eps = 0.0000001000 => x = 0.8459438086
eps = 0.0000000100 => x = 0.8459437042
